node.exe : FAIL src/report/test/business-intelligence.service.spec.ts (6.547 s)
Au caractère Ligne:1 : 1
+ & "C:\nvm4w\nodejs/node.exe" "C:\nvm4w\nodejs/node_modules/npm/bin/np ...
+ ~~~~~~~~~~~~~~~~~~~~~~~~~~~~~~~~~~~~~~~~~~~~~~~~~~~~~~~~~~~~~~~~~~~~~
    + CategoryInfo          : NotSpecified: (FAIL src/report...ec.ts (6.547 s):String) [], RemoteException
    + FullyQualifiedErrorId : NativeCommandError
 
  BusinessIntelligenceService
    ÔêÜ should be defined (15 ms)
    getMetric
      ÔêÜ should calculate dates correctly for "this_year" (11 ms)
      ├ù should support "NET_PROFIT" by calculating Income - Expense (6 ms)
      ÔêÜ should parse "last_3_years" dynamically (6 ms)
      ÔêÜ should handle Semesters correctly (this_semester) (4 ms)
      ├ù should use the currency from organization settings (3 ms)

  ÔùÅ BusinessIntelligenceService ÔÇ║ getMetric ÔÇ║ should support "NET_PROFIT" by calculating Income - Expense

    expect(jest.fn()).toHaveBeenCalledTimes(expected)

    Expected number of calls: 2
    Received number of calls: 3

      56 |         const result = await service.getMetric('org1', 'NET_PROFIT', 'this_month', undefined, UserRole.OWNER);
      57 |
    > 58 |         expect(mockConnection.execute).toHaveBeenCalledTimes(2);
         |                                        ^
      59 |         // Matching formatted string roughly. Intl format might include non-breaking spaces.
      60 |         // 5000 - 2000 = 3000. 
      61 |         expect(result).toContain('B├®n├®fice Net');

      at Object.<anonymous> (src/report/test/business-intelligence.service.spec.ts:58:40)

  ÔùÅ BusinessIntelligenceService ÔÇ║ getMetric ÔÇ║ should use the currency from organization settings

    expect(received).toContain(expected) // indexOf

    Expected substring: "1┬á000,00"
    Received string:    "Le montant pour Chiffre d'Affaire (ce mois) est de 1ÔÇ»000,00┬áÔé¼"

      102 |
      103 |         expect(result).toContain('Ôé¼');
    > 104 |         expect(result).toContain('1\u00A0000,00'); // fr-FR format for 1000
          |                        ^
      105 |     });
      106 |   });
      107 | });

      at Object.<anonymous> (src/report/test/business-intelligence.service.spec.ts:104:24)

Test Suites: 1 failed, 1 total
Tests:       2 failed, 4 passed, 6 total
Snapshots:   0 total
Time:        6.849 s
Ran all test suites matching src/report/test/business-intelligence.service.spec.ts.
